﻿
> game-lang-app@0.0.0 build
> vite build

[36mvite v6.2.0 [32mbuilding for production...[36m[39m
transforming...
[32mΓ£ô[39m 11 modules transformed.
node.exe : [31mΓ£ù[39m Build failed in 907ms
At C:\Program Files\nodejs\npm.ps1:29 char:3
+   & $NODE_EXE $NPM_CLI_JS $args
+   ~~~~~~~~~~~~~~~~~~~~~~~~~~~~~
    + CategoryInfo          : NotSpecified: ([31mΓ£ù[39m Build failed in 907ms:String) [], RemoteException
    + FullyQualifiedErrorId : NativeCommandError
 
[31merror during build:
[31m[vite:esbuild] Transform failed with 2 errors:
C:/Users/ASUS/OneDrive/Desktop/Game-Based-Language-Learning-main/src/pages/ListeningChallenge.jsx:131:11: ERROR: The 
symbol "difficulty" has already been declared
C:/Users/ASUS/OneDrive/Desktop/Game-Based-Language-Learning-main/src/pages/ListeningChallenge.jsx:131:23: ERROR: The 
symbol "setDifficulty" has already been declared[31m
file: 
[36mC:/Users/ASUS/OneDrive/Desktop/Game-Based-Language-Learning-main/src/pages/ListeningChallenge.jsx:131:11[31m
[33m
[33mThe symbol "difficulty" has already been declared[33m
129|      const [snackbarSeverity, setSnackbarSeverity] = useState("success");
130|      const [phrases, setPhrases] = useState({});
131|      const [difficulty, setDifficulty] = useState("easy");
   |             ^
132|      const [loading, setLoading] = useState(true);
133|      const { submitGameScore } = useAuth();

[33mThe symbol "setDifficulty" has already been declared[33m
129|      const [snackbarSeverity, setSnackbarSeverity] = useState("success");
130|      const [phrases, setPhrases] = useState({});
131|      const [difficulty, setDifficulty] = useState("easy");
   |                         ^
132|      const [loading, setLoading] = useState(true);
133|      const { submitGameScore } = useAuth();
[31m
    at failureErrorWithLog 
(C:\Users\ASUS\OneDrive\Desktop\Game-Based-Language-Learning-main\node_modules\esbuild\lib\main.js:1477:15)
    at C:\Users\ASUS\OneDrive\Desktop\Game-Based-Language-Learning-main\node_modules\esbuild\lib\main.js:756:50
    at responseCallbacks.<computed> 
(C:\Users\ASUS\OneDrive\Desktop\Game-Based-Language-Learning-main\node_modules\esbuild\lib\main.js:623:9)
    at handleIncomingPacket 
(C:\Users\ASUS\OneDrive\Desktop\Game-Based-Language-Learning-main\node_modules\esbuild\lib\main.js:678:12)
    at Socket.readFromStdout 
(C:\Users\ASUS\OneDrive\Desktop\Game-Based-Language-Learning-main\node_modules\esbuild\lib\main.js:601:7)
    at Socket.emit (node:events:518:28)
    at addChunk (node:internal/streams/readable:561:12)
    at readableAddChunkPushByteMode (node:internal/streams/readable:512:3)
    at Readable.push (node:internal/streams/readable:392:5)
    at Pipe.onStreamRead (node:internal/stream_base_commons:189:23)[39m
